
> frontend@0.1.0 build
> next build

Γû▓ Next.js 16.1.6 (Turbopack)
- Environments: .env.local

ΓÜá The "middleware" file convention is deprecated. Please use "proxy" instead. Learn more: https://nextjs.org/docs/messages/middleware-to-proxy
  Creating an optimized production build ...
Γ£ô Compiled successfully in 5.8s
  Running TypeScript ...
  Collecting page data using 7 workers ...
  Generating static pages using 7 workers (0/17) ...
  Generating static pages using 7 workers (4/17) 
  Generating static pages using 7 workers (8/17) 
Error occurred prerendering page "/login". Read more: https://nextjs.org/docs/messages/prerender-error
Error: @supabase/ssr: Your project's URL and API key are required to create a Supabase client!

Check your Supabase project's API settings to find these values

https://supabase.com/dashboard/project/_/settings/api
    at <unknown> (https://supabase.com/dashboard/project/_/settings/api)
    at <unknown> (C:\Users\mahin\Desktop\Future Projects\frontend\.next\server\chunks\ssr\_e7a7b5d8._.js:55:63)
    at cs (C:\Users\mahin\Desktop\Future Projects\frontend\.next\server\chunks\ssr\_e7a7b5d8._.js:59:4544)
    at q (C:\Users\mahin\Desktop\Future Projects\frontend\.next\server\chunks\ssr\[root-of-the-server]__b05481f6._.js:1:5155) {
  digest: '3788365403'
}
Export encountered an error on /login/page: /login, exiting the build.
Γ¿» Next.js build worker exited with code: 1 and signal: null
